=== P1 Memory/Swap Snapshot ===
Timestamp: 2026-06-11T09:04:15Z

=== vm_stat ===
Mach Virtual Memory Statistics: (page size of 16384 bytes)
Pages free:                                     6496.
Pages active:                                 590213.
Pages inactive:                               587731.
Pages speculative:                               632.
Pages throttled:                                   0.
Pages wired down:                             236934.
Pages purgeable:                                6257.
"Translation faults":                      219471853.
Pages copy-on-write:                         6402737.
Pages zero filled:                         152305473.
Pages reactivated:                          22069954.
Pages purged:                                7151548.
File-backed pages:                            370970.
Anonymous pages:                              807606.
Pages stored in compressor:                  3162643.
Pages occupied by compressor:                1668238.
Decompressions:                             15876191.
Compressions:                               20987520.
Pageins:                                     4522406.
Pageouts:                                      34668.
Swapins:                                      142038.
Swapouts:                                     796336.

=== memory_pressure ===
The system has 51539607552 (3145728 pages with a page size of 16384).

Stats: 
Pages free: 6412 
Pages purgeable: 6257 
Pages purged: 7151548 

Swap I/O:
Swapins: 142038 
Swapouts: 796336 

Page Q counts:
Pages active: 590090 
Pages inactive: 587870 
Pages speculative: 637 
Pages throttled: 0 
Pages wired down: 236934 

Compressor Stats:
Pages used by compressor: 1668231 
Pages decompressed: 15876203 
Pages compressed: 20987520 

File I/O:
Pageins: 4522407 
Pageouts: 34668 

System-wide memory free percentage: 38%

=== sysctl vm.swapusage ===
vm.swapusage: total = 11264.00M  used = 10242.44M  free = 1021.56M  (encrypted)

=== top -l 1 (memory section) ===
Processes: 576 total, 3 running, 573 sleeping, 4373 threads 
2026/06/11 11:04:15
Load Avg: 4.40, 4.60, 5.00 
CPU usage: 7.96% user, 11.45% sys, 80.58% idle 
SharedLibs: 799M resident, 166M data, 135M linkedit.
MemRegions: 674324 total, 9379M resident, 197M private, 4829M shared.
PhysMem: 47G used (3631M wired, 25G compressor), 76M unused.
VM: 282T vsize, 6144M framework vsize, 142038(0) swapins, 796336(0) swapouts.
Networks: packets: 3159621/4109M in, 1540507/1868M out.
Disks: 3223778/75G read, 2422611/57G written.

PID    COMMAND          %CPU TIME     #TH    #WQ  #PORTS MEM   PURG CMPRS PGRP  PPID  STATE    BOOSTS       %CPU_ME %CPU_OTHRS UID FAULTS   COW    MSGSENT   MSGRECV   SYSBSD    SYSMACH   CSW       PAGEINS IDLEW  POWER INSTRS CYCLES JETPRI USER                  #MREGS RPRVT VPRVT VSIZE KPRVT KSHRD

=== Load average ===
{ 4.40 4.60 5.00 }
